
                         Lattice Mapping Report File

Design:  top_keypad_display
Family:  iCE40UP
Device:  iCE40UP5K
Package: SG48
Performance Grade:  High-Performance_1.2V

Mapper:    version Radiant Software (64-bit) 2026.1.0.37.0
Mapped on: Wed Sep 23 15:25:19 2026

Design Information
------------------

Command line:   map -i ai_prototype_impl_1_syn.udb -o
     ai_prototype_impl_1_map.udb -mp ai_prototype_impl_1.mrp -hierrpt -gui
     -msgset C:/Users/jesli/Documents/GitHub/e155-lab3/AI_proto/ai_prototype/pro
     mote.xml

Design Summary
--------------

   Number of slice registers:  91 out of  5280 (2%)
   Number of I/O registers:      0 out of   117 (0%)
   Number of LUT4s:           157 out of  5280 (3%)
      Number of logic LUT4s:              71
      Number of inserted feedthru LUT4s:  16
      Number of replicated LUT4s:          2
      Number of ripple logic:             34 (68 LUT4s)
   Number of IO sites used:   18 out of 39 (46%)
      Number of IO sites used for general PIO: 18
      Number of IO sites used for I3C: 0 out of 2 (0%)
      (note: If I3C is not used, its site can be used as general PIO)
      Number of IO sites used for PIO+I3C: 18 out of 36 (50%)
      Number of IO sites used for OD+RGB IO buffers: 0 out of 3 (0%)
      (note: If RGB LED drivers are not used, sites can be used as OD outputs,
       see TN1288 iCE40 LED Driver Usage Guide)
      Number of IO sites used for PIO+I3C+OD+RGB: 18 out of 39 (46%)
   Number of DSPs:             0 out of 8 (0%)
   Number of I2Cs:             0 out of 2 (0%)
   Number of High Speed OSCs:  1 out of 1 (100%)
   Number of Low Speed OSCs:   0 out of 1 (0%)
   Number of RGB PWM:          0 out of 1 (0%)
   Number of RGB Drivers:      0 out of 1 (0%)
   Number of SCL FILTERs:      0 out of 2 (0%)
   Number of SRAMs:            0 out of 4 (0%)
   Number of WARMBOOTs:        0 out of 1 (0%)
   Number of SPIs:             0 out of 2 (0%)
   Number of EBRs:             0 out of 30 (0%)
   Number of PLLs:             0 out of 1 (0%)
   Number of Clocks:  1
      Net clk: 61 loads, 61 rising, 0 falling (Driver: Pin
     u_clock_gen.u_hsosc/CLKHF)
   Number of Clock Enables:  4
      Net key_valid: 8 loads, 8 SLICEs
      Net u_keypad_scanner.n485: 4 loads, 4 SLICEs
      Net u_keypad_scanner.n190: 2 loads, 2 SLICEs
      Net kp_cols_pad[3].vcc: 1 loads, 0 SLICEs
   Number of LSRs:  3
      Net key_valid_N_129: 25 loads, 25 SLICEs
      Net u_clock_gen.scan_tick_N_126: 17 loads, 17 SLICEs

                                    Page 1





Design Summary (cont)
---------------------
      Net u_clock_gen.mux_tick_N_127: 17 loads, 17 SLICEs
   Top 10 highest fanout non-clock nets:
      Net key_valid_N_129: 25 loads
      Net u_clock_gen.mux_tick_N_127: 17 loads
      Net u_clock_gen.scan_tick_N_126: 17 loads
      Net row_sync_1[3]: 13 loads
      Net col_idx[0]: 12 loads
      Net u_keypad_scanner.row_sync_1[1]: 12 loads
      Net u_keypad_scanner.row_sync_1[2]: 11 loads
      Net row_sync_1[0]: 10 loads
      Net u_keypad_scanner.col_idx[1]: 9 loads
      Net key_valid: 8 loads





   Number of warnings:  0
   Number of criticals: 0
   Number of errors:    0

Design Errors/Criticals/Warnings
--------------------------------

   No error, critical, or warning presents.

IO (PIO) Attributes
-------------------

+---------------------+-----------+-----------+-------+-------+-----------+
| IO Name             | Direction | Levelmode |  IO   |  IO   | Special   |
|                     |           |  IO_TYPE  |  REG  |  DDR  | IO Buffer |
+---------------------+-----------+-----------+-------+-------+-----------+
| rst_n               | INPUT     |           |       |       |           |
+---------------------+-----------+-----------+-------+-------+-----------+
| kp_rows[3]          | INPUT     |           |       |       |           |
+---------------------+-----------+-----------+-------+-------+-----------+
| kp_rows[2]          | INPUT     |           |       |       |           |
+---------------------+-----------+-----------+-------+-------+-----------+
| kp_rows[1]          | INPUT     |           |       |       |           |
+---------------------+-----------+-----------+-------+-------+-----------+
| kp_rows[0]          | INPUT     |           |       |       |           |
+---------------------+-----------+-----------+-------+-------+-----------+
| kp_cols[3]          | OUTPUT    |           |       |       |           |
+---------------------+-----------+-----------+-------+-------+-----------+
| kp_cols[2]          | OUTPUT    |           |       |       |           |
+---------------------+-----------+-----------+-------+-------+-----------+
| kp_cols[1]          | OUTPUT    |           |       |       |           |
+---------------------+-----------+-----------+-------+-------+-----------+
| kp_cols[0]          | OUTPUT    |           |       |       |           |
+---------------------+-----------+-----------+-------+-------+-----------+
| digit_select[1]     | OUTPUT    |           |       |       |           |
+---------------------+-----------+-----------+-------+-------+-----------+
| digit_select[0]     | OUTPUT    |           |       |       |           |
+---------------------+-----------+-----------+-------+-------+-----------+
| segments[6]         | OUTPUT    |           |       |       |           |
+---------------------+-----------+-----------+-------+-------+-----------+
| segments[5]         | OUTPUT    |           |       |       |           |

                                    Page 2





IO (PIO) Attributes (cont)
--------------------------
+---------------------+-----------+-----------+-------+-------+-----------+
| segments[4]         | OUTPUT    |           |       |       |           |
+---------------------+-----------+-----------+-------+-------+-----------+
| segments[3]         | OUTPUT    |           |       |       |           |
+---------------------+-----------+-----------+-------+-------+-----------+
| segments[2]         | OUTPUT    |           |       |       |           |
+---------------------+-----------+-----------+-------+-------+-----------+
| segments[1]         | OUTPUT    |           |       |       |           |
+---------------------+-----------+-----------+-------+-------+-----------+
| segments[0]         | OUTPUT    |           |       |       |           |
+---------------------+-----------+-----------+-------+-------+-----------+

Removed logic
-------------

Block rst_n_pad.vlo_inst was optimized away.

OSC Summary
-----------

OSC 1:                                 Pin/Node Value
  OSC Instance Name:                            u_clock_gen/u_hsosc
  Power UP:                            NODE     kp_cols_pad[3].vcc
  Enable Signal:                       NODE     kp_cols_pad[3].vcc
  OSC Output:                          NODE     clk
  DIV Setting:                                  01

ASIC Components
---------------

Instance Name: u_clock_gen/u_hsosc
         Type: HFOSC

Constraint Summary
------------------

   Total number of constraints: 2
   Total number of constraints dropped: 0

Run Time and Memory Usage
-------------------------

   Total CPU Time: 0 secs
   Total REAL Time: 0 secs
   Peak Memory Usage: 66 MB
Checksum -- map: c80e25e77fce609945cd8f32e7d584e829fdc457












                                    Page 3


Copyright (c) 1991-1994 by NeoCAD Inc. All rights reserved.
Copyright (c) 1995
     AT&T Corp.   All rights reserved.
Copyright (c) 1995-2001 Lucent
     Technologies Inc.  All rights reserved.
Copyright (c) 2001 Agere Systems
     All rights reserved.
Copyright (c) 2002-2026 Lattice Semiconductor
     Corporation,  All rights reserved.
