-----------
Use I/O Registers     | True
----------------------------------------------------------------
Resource Sharing      | True
----------------------------------------------------------------
Propagate Constants   | True
----------------------------------------------------------------
Remove Duplicate Reg  | True
----------------------------------------------------------------
Force GSR             | False
----------------------------------------------------------------
ROM Style             | Auto
----------------------------------------------------------------
RAM Style             | Auto
----------------------------------------------------------------
Remove LOC Properties | False
----------------------------------------------------------------
Partition Flow        | False
----------------------------------------------------------------
Use DCC Insertion     | None
----------------------------------------------------------------
################################################################


The -comp option is FALSE.
The -syn option is FALSE.

Output HDL filename: ai_proto2_implementation.vm
-sdc option: SDC file input is ai_proto2_implementation_cpe.ldc.
-path . (searchpath added)
-path .. (searchpath added)
-path ../source/implementation (searchpath added)
-path C:/lscc/radiant/2026.1/ispfpga/ice40tp/data (searchpath added)
Mixed language design
Verilog design file: C:/lscc/radiant/2026.1/ip/pmi/pmi_iCE40UP.v
Verilog design file: ../source/implementation/total_ai.sv
VHDL library: pmi
VHDL design file: C:/lscc/radiant/2026.1/ip/pmi/pmi_iCE40UP.vhd

Compiling design...

Analyzing Verilog file C:/lscc/radiant/2026.1/ispfpga\..\cae_library\synthesis\verilog\generic.v. VERI-1482
Analyzing Verilog file C:/lscc/radiant/2026.1/ispfpga\..\cae_library\synthesis\verilog\iCE40UP.v. VERI-1482
Analyzing Verilog file C:/lscc/radiant/2026.1/ispfpga\..\cae_library\synthesis\verilog\iCE40UP.v. VERI-1482
Analyzing Verilog file C:/lscc/radiant/2026.1/ispfpga\..\cae_library\simulation\verilog\iCE40UP\iCE40UP_sp.v. VERI-1482
Analyzing Verilog file C:/lscc/radiant/2026.1/ip/pmi/pmi_iCE40UP.v. VERI-1482
Analyzing Verilog file ../source/implementation/total_ai.sv. VERI-1482
Top module name (Verilog): top_keypad_display
INFO <35901018> - ../source/implementation/total_ai.sv(266): compiling module top_keypad_display. VERI-1018
ERROR <35901063> - ../source/implementation/total_ai.sv(289): instantiating unknown module SB_HFOSC. VERI-1063

child process exited abnormally
