
                         Lattice Mapping Report File

Design:  lab3top_jl
Family:  iCE40UP
Device:  iCE40UP5K
Package: SG48
Performance Grade:  High-Performance_1.2V

Mapper:    version Radiant Software (64-bit) 2026.1.0.37.0
Mapped on: Mon Sep 21 18:26:21 2026

Design Information
------------------

Command line:   map -pdc
     C:/Users/jesli/Documents/GitHub/e155-lab3/fpga/e155_lab3_jl/lab3_jl.pdc -i
     e155_lab3_jl_impl_1_syn.udb -o e155_lab3_jl_impl_1_map.udb -mp
     e155_lab3_jl_impl_1.mrp -hierrpt -gui -msgset
     C:/Users/jesli/Documents/GitHub/e155-lab3/fpga/e155_lab3_jl/promote.xml

Design Summary
--------------

   Number of slice registers: 102 out of  5280 (2%)
   Number of I/O registers:      4 out of   117 (3%)
   Number of LUT4s:           273 out of  5280 (5%)
      Number of logic LUT4s:             191
      Number of inserted feedthru LUT4s:   8
      Number of ripple logic:             37 (74 LUT4s)
   Number of IO sites used:   19 out of 39 (49%)
      Number of IO sites used for general PIO: 19
      Number of IO sites used for I3C: 0 out of 2 (0%)
      (note: If I3C is not used, its site can be used as general PIO)
      Number of IO sites used for PIO+I3C: 19 out of 36 (53%)
      Number of IO sites used for OD+RGB IO buffers: 0 out of 3 (0%)
      (note: If RGB LED drivers are not used, sites can be used as OD outputs,
       see TN1288 iCE40 LED Driver Usage Guide)
      Number of IO sites used for PIO+I3C+OD+RGB: 19 out of 39 (49%)
   Number of DSPs:             0 out of 8 (0%)
   Number of I2Cs:             0 out of 2 (0%)
   Number of High Speed OSCs:  1 out of 1 (100%)
   Number of Low Speed OSCs:   0 out of 1 (0%)
   Number of RGB PWM:          0 out of 1 (0%)
   Number of RGB Drivers:      0 out of 1 (0%)
   Number of SCL FILTERs:      0 out of 2 (0%)
   Number of SRAMs:            0 out of 4 (0%)
   Number of WARMBOOTs:        0 out of 1 (0%)
   Number of SPIs:             0 out of 2 (0%)
   Number of EBRs:             0 out of 30 (0%)
   Number of PLLs:             0 out of 1 (0%)
   Number of Clocks:  1
      Net int_osc: 97 loads, 97 rising, 0 falling (Driver: Pin hf_osc/CLKHF)
   Number of Clock Enables:  4
      Net VCC_net: 1 loads, 0 SLICEs
      Net n1074: 20 loads, 20 SLICEs
      Net n1039: 28 loads, 28 SLICEs
      Net main_fsm.state[1]: 8 loads, 8 SLICEs
   Number of LSRs:  2
      Net d_en_N_122: 62 loads, 62 SLICEs
      Net bouncer.debounce_counter.n274: 11 loads, 11 SLICEs
   Top 10 highest fanout non-clock nets:

                                    Page 1





Design Summary (cont)
---------------------
      Net d_en_N_122: 62 loads
      Net main_fsm.scanning.scan_count[19]: 28 loads
      Net n1039: 28 loads
      Net segment_counter.n4_adj_125: 28 loads
      Net n1074: 20 loads
      Net nreset_c: 19 loads
      Net map[6]: 12 loads
      Net map[7]: 12 loads
      Net bouncer.debounce_counter.n274: 11 loads
      Net map[0]: 11 loads





   Number of warnings:  0
   Number of criticals: 0
   Number of errors:    0

Design Errors/Criticals/Warnings
--------------------------------

   No error, critical, or warning presents.

IO (PIO) Attributes
-------------------

+---------------------+-----------+-----------+-------+-------+-----------+
| IO Name             | Direction | Levelmode |  IO   |  IO   | Special   |
|                     |           |  IO_TYPE  |  REG  |  DDR  | IO Buffer |
+---------------------+-----------+-----------+-------+-------+-----------+
| col_raw[3]          | INPUT     |           | I     |       |           |
+---------------------+-----------+-----------+-------+-------+-----------+
| col_raw[2]          | INPUT     |           | I     |       |           |
+---------------------+-----------+-----------+-------+-------+-----------+
| col_raw[1]          | INPUT     |           | I     |       |           |
+---------------------+-----------+-----------+-------+-------+-----------+
| col_raw[0]          | INPUT     |           | I     |       |           |
+---------------------+-----------+-----------+-------+-------+-----------+
| nreset              | INPUT     |           |       |       |           |
+---------------------+-----------+-----------+-------+-------+-----------+
| enable              | INPUT     |           |       |       |           |
+---------------------+-----------+-----------+-------+-------+-----------+
| pwr[1]              | OUTPUT    |           |       |       |           |
+---------------------+-----------+-----------+-------+-------+-----------+
| pwr[0]              | OUTPUT    |           |       |       |           |
+---------------------+-----------+-----------+-------+-------+-----------+
| seg[6]              | OUTPUT    |           |       |       |           |
+---------------------+-----------+-----------+-------+-------+-----------+
| seg[5]              | OUTPUT    |           |       |       |           |
+---------------------+-----------+-----------+-------+-------+-----------+
| seg[4]              | OUTPUT    |           |       |       |           |
+---------------------+-----------+-----------+-------+-------+-----------+
| seg[3]              | OUTPUT    |           |       |       |           |
+---------------------+-----------+-----------+-------+-------+-----------+
| seg[2]              | OUTPUT    |           |       |       |           |
+---------------------+-----------+-----------+-------+-------+-----------+
| seg[1]              | OUTPUT    |           |       |       |           |

                                    Page 2





IO (PIO) Attributes (cont)
--------------------------
+---------------------+-----------+-----------+-------+-------+-----------+
| seg[0]              | OUTPUT    |           |       |       |           |
+---------------------+-----------+-----------+-------+-------+-----------+
| row[3]              | OUTPUT    |           |       |       |           |
+---------------------+-----------+-----------+-------+-------+-----------+
| row[2]              | OUTPUT    |           |       |       |           |
+---------------------+-----------+-----------+-------+-------+-----------+
| row[1]              | OUTPUT    |           |       |       |           |
+---------------------+-----------+-----------+-------+-------+-----------+
| row[0]              | OUTPUT    |           |       |       |           |
+---------------------+-----------+-----------+-------+-------+-----------+

Removed logic
-------------

Block i1 was optimized away.

OSC Summary
-----------

OSC 1:                                 Pin/Node Value
  OSC Instance Name:                            hf_osc
  Power UP:                            NODE     VCC_net
  Enable Signal:                       NODE     VCC_net
  OSC Output:                          NODE     int_osc
  DIV Setting:                                  00

ASIC Components
---------------

Instance Name: col_synchronizer/n1_i2
         Type: IOLOGIC
Instance Name: col_synchronizer/n1_i1
         Type: IOLOGIC
Instance Name: col_synchronizer/n1_i0
         Type: IOLOGIC
Instance Name: col_synchronizer/n1_i3
         Type: IOLOGIC
Instance Name: hf_osc
         Type: HFOSC

Constraint Summary
------------------

   Total number of constraints: 21
   Total number of constraints dropped: 0

Run Time and Memory Usage
-------------------------

   Total CPU Time: 0 secs
   Total REAL Time: 0 secs
   Peak Memory Usage: 69 MB
Checksum -- map: 21c6249d12e3f4b6ed9c3b25f5234b5ecfbcce38




                                    Page 3


Copyright (c) 1991-1994 by NeoCAD Inc. All rights reserved.
Copyright (c) 1995
     AT&T Corp.   All rights reserved.
Copyright (c) 1995-2001 Lucent
     Technologies Inc.  All rights reserved.
Copyright (c) 2001 Agere Systems
     All rights reserved.
Copyright (c) 2002-2026 Lattice Semiconductor
     Corporation,  All rights reserved.
