"C:/Users/jesli/Documents/GitHub/e155-lab3/fpga/e155_lab3_jl/source/impl_1/lab3top_jl.sv=verilog,work,System Verilog"
"C:/Users/jesli/Documents/GitHub/e155-lab3/fpga/e155_lab3_jl/source/impl_1/scanner.sv=verilog,work,System Verilog"
"C:/Users/jesli/Documents/GitHub/e155-lab3/fpga/e155_lab3_jl/source/impl_1/sev_seg.sv=verilog,work,System Verilog"
"C:/Users/jesli/Documents/GitHub/e155-lab3/fpga/e155_lab3_jl/source/impl_1/counter.sv=verilog,work,System Verilog"
"C:/Users/jesli/Documents/GitHub/e155-lab3/fpga/e155_lab3_jl/source/impl_1/sync.sv=verilog,work,System Verilog"
"C:/Users/jesli/Documents/GitHub/e155-lab3/fpga/e155_lab3_jl/source/impl_1/keypress_fsm.sv=verilog,work,System Verilog"
"C:/Users/jesli/Documents/GitHub/e155-lab3/fpga/e155_lab3_jl/source/impl_1/keypress.sv=verilog,work,System Verilog"
"C:/Users/jesli/Documents/GitHub/e155-lab3/fpga/e155_lab3_jl/source/impl_1/debounce_fsm.sv=verilog,work,System Verilog"
"C:/Users/jesli/Documents/GitHub/e155-lab3/fpga/e155_lab3_jl/source/impl_1/dual_display.sv=verilog,work,System Verilog"
"C:/Users/jesli/Documents/GitHub/e155-lab3/fpga/e155_lab3_jl/source/impl_1/keypress_tb.sv=verilog,work"
